// Jest Snapshot v1, https://goo.gl/fbAQLP

exports[`DetailsScreen snapShot 1`] = `
<View
  accessibilityLabel="riverDetailScreen"
  style={
    Object {
      "backgroundColor": "rgb(242, 242, 242)",
    }
  }
  testID="riverDetailScreen"
>
  <View>
    <View
      style={
        Object {
          "alignItems": "center",
          "backgroundColor": "rgb(242, 242, 242)",
          "borderBottomWidth": 0.5,
          "borderColor": "#bcbbc1",
          "flexDirection": "row",
          "padding": 14,
        }
      }
      testID="padView"
    >
      <View
        style={
          Object {
            "alignItems": "flex-start",
            "flex": 1,
            "justifyContent": "center",
          }
        }
        theme={
          Object {
            "colors": Object {
              "black": "#242424",
              "disabled": "hsl(208, 8%, 90%)",
              "divider": "#bcbbc1",
              "error": "#ff190c",
              "grey0": "#393e42",
              "grey1": "#43484d",
              "grey2": "#5e6977",
              "grey3": "#86939e",
              "grey4": "#bdc6cf",
              "grey5": "#e1e8ee",
              "greyOutline": "#bbb",
              "platform": Object {
                "android": Object {
                  "error": "#f44336",
                  "grey": "rgba(0, 0, 0, 0.54)",
                  "primary": "#2196f3",
                  "secondary": "#9C27B0",
                  "success": "#4caf50",
                  "warning": "#ffeb3b",
                },
                "ios": Object {
                  "error": "#ff3b30",
                  "grey": "#7d7d7d",
                  "primary": "#007aff",
                  "searchBg": "#dcdce1",
                  "secondary": "#5856d6",
                  "success": "#4cd964",
                  "warning": "#ffcc00",
                },
                "web": Object {
                  "error": "#ff190c",
                  "grey": "#393e42",
                  "primary": "#2089dc",
                  "searchBg": "#303337",
                  "secondary": "#ca71eb",
                  "success": "#52c41a",
                  "warning": "#faad14",
                },
              },
              "primary": "#2089dc",
              "searchBg": "#303337",
              "secondary": "#ca71eb",
              "success": "#52c41a",
              "warning": "#faad14",
              "white": "#ffffff",
            },
          }
        }
      >
        <Text
          style={
            Object {
              "backgroundColor": "transparent",
              "color": "rgb(28, 28, 30)",
              "fontSize": 15,
            }
          }
          testID="listItemTitle"
        >
          River Name
        </Text>
        <Text
          style={
            Object {
              "backgroundColor": "transparent",
              "color": "rgb(28, 28, 30)",
              "fontSize": 17,
            }
          }
          testID="listItemTitle"
        >
          River Liffey
        </Text>
      </View>
    </View>
  </View>
  <View>
    <View
      style={
        Object {
          "alignItems": "center",
          "backgroundColor": "rgb(242, 242, 242)",
          "borderBottomWidth": 0.5,
          "borderColor": "#bcbbc1",
          "flexDirection": "row",
          "padding": 14,
        }
      }
      testID="padView"
    >
      <View
        style={
          Object {
            "alignItems": "flex-start",
            "flex": 1,
            "justifyContent": "center",
          }
        }
        theme={
          Object {
            "colors": Object {
              "black": "#242424",
              "disabled": "hsl(208, 8%, 90%)",
              "divider": "#bcbbc1",
              "error": "#ff190c",
              "grey0": "#393e42",
              "grey1": "#43484d",
              "grey2": "#5e6977",
              "grey3": "#86939e",
              "grey4": "#bdc6cf",
              "grey5": "#e1e8ee",
              "greyOutline": "#bbb",
              "platform": Object {
                "android": Object {
                  "error": "#f44336",
                  "grey": "rgba(0, 0, 0, 0.54)",
                  "primary": "#2196f3",
                  "secondary": "#9C27B0",
                  "success": "#4caf50",
                  "warning": "#ffeb3b",
                },
                "ios": Object {
                  "error": "#ff3b30",
                  "grey": "#7d7d7d",
                  "primary": "#007aff",
                  "searchBg": "#dcdce1",
                  "secondary": "#5856d6",
                  "success": "#4cd964",
                  "warning": "#ffcc00",
                },
                "web": Object {
                  "error": "#ff190c",
                  "grey": "#393e42",
                  "primary": "#2089dc",
                  "searchBg": "#303337",
                  "secondary": "#ca71eb",
                  "success": "#52c41a",
                  "warning": "#faad14",
                },
              },
              "primary": "#2089dc",
              "searchBg": "#303337",
              "secondary": "#ca71eb",
              "success": "#52c41a",
              "warning": "#faad14",
              "white": "#ffffff",
            },
          }
        }
      >
        <Text
          style={
            Object {
              "backgroundColor": "transparent",
              "color": "rgb(28, 28, 30)",
              "fontSize": 15,
            }
          }
          testID="listItemTitle"
        >
          Latitude
        </Text>
        <Text
          style={
            Object {
              "backgroundColor": "transparent",
              "color": "rgb(28, 28, 30)",
              "fontSize": 17,
            }
          }
          testID="listItemTitle"
        >
          53.3492319
        </Text>
      </View>
    </View>
  </View>
  <View>
    <View
      style={
        Object {
          "alignItems": "center",
          "backgroundColor": "rgb(242, 242, 242)",
          "borderBottomWidth": 0.5,
          "borderColor": "#bcbbc1",
          "flexDirection": "row",
          "padding": 14,
        }
      }
      testID="padView"
    >
      <View
        style={
          Object {
            "alignItems": "flex-start",
            "flex": 1,
            "justifyContent": "center",
          }
        }
        theme={
          Object {
            "colors": Object {
              "black": "#242424",
              "disabled": "hsl(208, 8%, 90%)",
              "divider": "#bcbbc1",
              "error": "#ff190c",
              "grey0": "#393e42",
              "grey1": "#43484d",
              "grey2": "#5e6977",
              "grey3": "#86939e",
              "grey4": "#bdc6cf",
              "grey5": "#e1e8ee",
              "greyOutline": "#bbb",
              "platform": Object {
                "android": Object {
                  "error": "#f44336",
                  "grey": "rgba(0, 0, 0, 0.54)",
                  "primary": "#2196f3",
                  "secondary": "#9C27B0",
                  "success": "#4caf50",
                  "warning": "#ffeb3b",
                },
                "ios": Object {
                  "error": "#ff3b30",
                  "grey": "#7d7d7d",
                  "primary": "#007aff",
                  "searchBg": "#dcdce1",
                  "secondary": "#5856d6",
                  "success": "#4cd964",
                  "warning": "#ffcc00",
                },
                "web": Object {
                  "error": "#ff190c",
                  "grey": "#393e42",
                  "primary": "#2089dc",
                  "searchBg": "#303337",
                  "secondary": "#ca71eb",
                  "success": "#52c41a",
                  "warning": "#faad14",
                },
              },
              "primary": "#2089dc",
              "searchBg": "#303337",
              "secondary": "#ca71eb",
              "success": "#52c41a",
              "warning": "#faad14",
              "white": "#ffffff",
            },
          }
        }
      >
        <Text
          style={
            Object {
              "backgroundColor": "transparent",
              "color": "rgb(28, 28, 30)",
              "fontSize": 15,
            }
          }
          testID="listItemTitle"
        >
          Longitude
        </Text>
        <Text
          style={
            Object {
              "backgroundColor": "transparent",
              "color": "rgb(28, 28, 30)",
              "fontSize": 17,
            }
          }
          testID="listItemTitle"
        >
          -6.535848
        </Text>
      </View>
    </View>
  </View>
  <View>
    <View
      style={
        Object {
          "alignItems": "center",
          "backgroundColor": "rgb(242, 242, 242)",
          "borderBottomWidth": 0.5,
          "borderColor": "#bcbbc1",
          "flexDirection": "row",
          "padding": 14,
        }
      }
      testID="padView"
    >
      <View
        style={
          Object {
            "alignItems": "flex-start",
            "flex": 1,
            "justifyContent": "center",
          }
        }
        theme={
          Object {
            "colors": Object {
              "black": "#242424",
              "disabled": "hsl(208, 8%, 90%)",
              "divider": "#bcbbc1",
              "error": "#ff190c",
              "grey0": "#393e42",
              "grey1": "#43484d",
              "grey2": "#5e6977",
              "grey3": "#86939e",
              "grey4": "#bdc6cf",
              "grey5": "#e1e8ee",
              "greyOutline": "#bbb",
              "platform": Object {
                "android": Object {
                  "error": "#f44336",
                  "grey": "rgba(0, 0, 0, 0.54)",
                  "primary": "#2196f3",
                  "secondary": "#9C27B0",
                  "success": "#4caf50",
                  "warning": "#ffeb3b",
                },
                "ios": Object {
                  "error": "#ff3b30",
                  "grey": "#7d7d7d",
                  "primary": "#007aff",
                  "searchBg": "#dcdce1",
                  "secondary": "#5856d6",
                  "success": "#4cd964",
                  "warning": "#ffcc00",
                },
                "web": Object {
                  "error": "#ff190c",
                  "grey": "#393e42",
                  "primary": "#2089dc",
                  "searchBg": "#303337",
                  "secondary": "#ca71eb",
                  "success": "#52c41a",
                  "warning": "#faad14",
                },
              },
              "primary": "#2089dc",
              "searchBg": "#303337",
              "secondary": "#ca71eb",
              "success": "#52c41a",
              "warning": "#faad14",
              "white": "#ffffff",
            },
          }
        }
      >
        <Text
          style={
            Object {
              "backgroundColor": "transparent",
              "color": "rgb(28, 28, 30)",
              "fontSize": 15,
            }
          }
          testID="listItemTitle"
        >
          Area (km²)
        </Text>
        <Text
          style={
            Object {
              "backgroundColor": "transparent",
              "color": "rgb(28, 28, 30)",
              "fontSize": 17,
            }
          }
          testID="listItemTitle"
        >
          23.58
        </Text>
      </View>
    </View>
  </View>
  <View>
    <View
      style={
        Object {
          "alignItems": "center",
          "backgroundColor": "rgb(242, 242, 242)",
          "borderBottomWidth": 0.5,
          "borderColor": "#bcbbc1",
          "flexDirection": "row",
          "padding": 14,
        }
      }
      testID="padView"
    >
      <View
        style={
          Object {
            "alignItems": "flex-start",
            "flex": 1,
            "justifyContent": "center",
          }
        }
        theme={
          Object {
            "colors": Object {
              "black": "#242424",
              "disabled": "hsl(208, 8%, 90%)",
              "divider": "#bcbbc1",
              "error": "#ff190c",
              "grey0": "#393e42",
              "grey1": "#43484d",
              "grey2": "#5e6977",
              "grey3": "#86939e",
              "grey4": "#bdc6cf",
              "grey5": "#e1e8ee",
              "greyOutline": "#bbb",
              "platform": Object {
                "android": Object {
                  "error": "#f44336",
                  "grey": "rgba(0, 0, 0, 0.54)",
                  "primary": "#2196f3",
                  "secondary": "#9C27B0",
                  "success": "#4caf50",
                  "warning": "#ffeb3b",
                },
                "ios": Object {
                  "error": "#ff3b30",
                  "grey": "#7d7d7d",
                  "primary": "#007aff",
                  "searchBg": "#dcdce1",
                  "secondary": "#5856d6",
                  "success": "#4cd964",
                  "warning": "#ffcc00",
                },
                "web": Object {
                  "error": "#ff190c",
                  "grey": "#393e42",
                  "primary": "#2089dc",
                  "searchBg": "#303337",
                  "secondary": "#ca71eb",
                  "success": "#52c41a",
                  "warning": "#faad14",
                },
              },
              "primary": "#2089dc",
              "searchBg": "#303337",
              "secondary": "#ca71eb",
              "success": "#52c41a",
              "warning": "#faad14",
              "white": "#ffffff",
            },
          }
        }
      >
        <Text
          style={
            Object {
              "backgroundColor": "transparent",
              "color": "rgb(28, 28, 30)",
              "fontSize": 15,
            }
          }
          testID="listItemTitle"
        >
          Length (km)
        </Text>
        <Text
          style={
            Object {
              "backgroundColor": "transparent",
              "color": "rgb(28, 28, 30)",
              "fontSize": 17,
            }
          }
          testID="listItemTitle"
        >
          14.51
        </Text>
      </View>
    </View>
  </View>
  <View>
    <View
      style={
        Object {
          "alignItems": "center",
          "backgroundColor": "rgb(242, 242, 242)",
          "borderBottomWidth": 0.5,
          "borderColor": "#bcbbc1",
          "flexDirection": "row",
          "padding": 14,
        }
      }
      testID="padView"
    >
      <View
        style={
          Object {
            "alignItems": "flex-start",
            "flex": 1,
            "justifyContent": "center",
          }
        }
        theme={
          Object {
            "colors": Object {
              "black": "#242424",
              "disabled": "hsl(208, 8%, 90%)",
              "divider": "#bcbbc1",
              "error": "#ff190c",
              "grey0": "#393e42",
              "grey1": "#43484d",
              "grey2": "#5e6977",
              "grey3": "#86939e",
              "grey4": "#bdc6cf",
              "grey5": "#e1e8ee",
              "greyOutline": "#bbb",
              "platform": Object {
                "android": Object {
                  "error": "#f44336",
                  "grey": "rgba(0, 0, 0, 0.54)",
                  "primary": "#2196f3",
                  "secondary": "#9C27B0",
                  "success": "#4caf50",
                  "warning": "#ffeb3b",
                },
                "ios": Object {
                  "error": "#ff3b30",
                  "grey": "#7d7d7d",
                  "primary": "#007aff",
                  "searchBg": "#dcdce1",
                  "secondary": "#5856d6",
                  "success": "#4cd964",
                  "warning": "#ffcc00",
                },
                "web": Object {
                  "error": "#ff190c",
                  "grey": "#393e42",
                  "primary": "#2089dc",
                  "searchBg": "#303337",
                  "secondary": "#ca71eb",
                  "success": "#52c41a",
                  "warning": "#faad14",
                },
              },
              "primary": "#2089dc",
              "searchBg": "#303337",
              "secondary": "#ca71eb",
              "success": "#52c41a",
              "warning": "#faad14",
              "white": "#ffffff",
            },
          }
        }
      >
        <Text
          style={
            Object {
              "backgroundColor": "transparent",
              "color": "rgb(28, 28, 30)",
              "fontSize": 15,
            }
          }
          testID="listItemTitle"
        >
          Ecological Status
        </Text>
        <Text
          style={
            Object {
              "backgroundColor": "transparent",
              "color": "rgb(28, 28, 30)",
              "fontSize": 17,
            }
          }
          testID="listItemTitle"
        >
          Good
        </Text>
      </View>
    </View>
  </View>
  <View>
    <View
      style={
        Object {
          "alignItems": "center",
          "backgroundColor": "rgb(242, 242, 242)",
          "borderBottomWidth": 0.5,
          "borderColor": "#bcbbc1",
          "flexDirection": "row",
          "padding": 14,
        }
      }
      testID="padView"
    >
      <View
        style={
          Object {
            "alignItems": "flex-start",
            "flex": 1,
            "justifyContent": "center",
          }
        }
        theme={
          Object {
            "colors": Object {
              "black": "#242424",
              "disabled": "hsl(208, 8%, 90%)",
              "divider": "#bcbbc1",
              "error": "#ff190c",
              "grey0": "#393e42",
              "grey1": "#43484d",
              "grey2": "#5e6977",
              "grey3": "#86939e",
              "grey4": "#bdc6cf",
              "grey5": "#e1e8ee",
              "greyOutline": "#bbb",
              "platform": Object {
                "android": Object {
                  "error": "#f44336",
                  "grey": "rgba(0, 0, 0, 0.54)",
                  "primary": "#2196f3",
                  "secondary": "#9C27B0",
                  "success": "#4caf50",
                  "warning": "#ffeb3b",
                },
                "ios": Object {
                  "error": "#ff3b30",
                  "grey": "#7d7d7d",
                  "primary": "#007aff",
                  "searchBg": "#dcdce1",
                  "secondary": "#5856d6",
                  "success": "#4cd964",
                  "warning": "#ffcc00",
                },
                "web": Object {
                  "error": "#ff190c",
                  "grey": "#393e42",
                  "primary": "#2089dc",
                  "searchBg": "#303337",
                  "secondary": "#ca71eb",
                  "success": "#52c41a",
                  "warning": "#faad14",
                },
              },
              "primary": "#2089dc",
              "searchBg": "#303337",
              "secondary": "#ca71eb",
              "success": "#52c41a",
              "warning": "#faad14",
              "white": "#ffffff",
            },
          }
        }
      >
        <Text
          style={
            Object {
              "backgroundColor": "transparent",
              "color": "rgb(28, 28, 30)",
              "fontSize": 15,
            }
          }
          testID="listItemTitle"
        >
          Local Authority
        </Text>
        <Text
          style={
            Object {
              "backgroundColor": "transparent",
              "color": "rgb(28, 28, 30)",
              "fontSize": 17,
            }
          }
          testID="listItemTitle"
        >
          Kildare County Council
        </Text>
      </View>
    </View>
  </View>
  <View>
    <View
      style={
        Object {
          "alignItems": "center",
          "backgroundColor": "rgb(242, 242, 242)",
          "borderBottomWidth": 0.5,
          "borderColor": "#bcbbc1",
          "flexDirection": "row",
          "padding": 14,
        }
      }
      testID="padView"
    >
      <View
        style={
          Object {
            "alignItems": "flex-start",
            "flex": 1,
            "justifyContent": "center",
          }
        }
        theme={
          Object {
            "colors": Object {
              "black": "#242424",
              "disabled": "hsl(208, 8%, 90%)",
              "divider": "#bcbbc1",
              "error": "#ff190c",
              "grey0": "#393e42",
              "grey1": "#43484d",
              "grey2": "#5e6977",
              "grey3": "#86939e",
              "grey4": "#bdc6cf",
              "grey5": "#e1e8ee",
              "greyOutline": "#bbb",
              "platform": Object {
                "android": Object {
                  "error": "#f44336",
                  "grey": "rgba(0, 0, 0, 0.54)",
                  "primary": "#2196f3",
                  "secondary": "#9C27B0",
                  "success": "#4caf50",
                  "warning": "#ffeb3b",
                },
                "ios": Object {
                  "error": "#ff3b30",
                  "grey": "#7d7d7d",
                  "primary": "#007aff",
                  "searchBg": "#dcdce1",
                  "secondary": "#5856d6",
                  "success": "#4cd964",
                  "warning": "#ffcc00",
                },
                "web": Object {
                  "error": "#ff190c",
                  "grey": "#393e42",
                  "primary": "#2089dc",
                  "searchBg": "#303337",
                  "secondary": "#ca71eb",
                  "success": "#52c41a",
                  "warning": "#faad14",
                },
              },
              "primary": "#2089dc",
              "searchBg": "#303337",
              "secondary": "#ca71eb",
              "success": "#52c41a",
              "warning": "#faad14",
              "white": "#ffffff",
            },
          }
        }
      >
        <Text
          style={
            Object {
              "backgroundColor": "transparent",
              "color": "rgb(28, 28, 30)",
              "fontSize": 15,
            }
          }
          testID="listItemTitle"
        >
          Protected Area
        </Text>
        <Text
          style={
            Object {
              "backgroundColor": "transparent",
              "color": "rgb(28, 28, 30)",
              "fontSize": 17,
            }
          }
          testID="listItemTitle"
        >
          Yes
        </Text>
      </View>
    </View>
  </View>
</View>
`;
