// Jest Snapshot v1, https://goo.gl/fbAQLP

exports[`fetchApi snapShot 1`] = `<fetchApi />`;
